✔ [2343/2365] Built Hoffman.MomentPolynomial
✔ [2344/2365] Built Hoffman.CoveringEstimate
✔ [2345/2365] Built Hoffman.PoissonSeries
✔ [2346/2365] Built Hoffman.Geometry
✔ [2347/2365] Built Hoffman.ProbabilityCover
✔ [2348/2365] Built Hoffman.Net
✔ [2349/2365] Built Hoffman.Planar
✔ [2350/2365] Built Hoffman.Targets
✔ [2351/2365] Built Hoffman.PeriodicCover
✔ [2352/2365] Built Hoffman.RandomSurvival
✔ [2353/2365] Built Hoffman.RandomCover
✔ [2354/2365] Built Hoffman.ExclusionBall
✔ [2355/2365] Built Hoffman.Torus
✔ [2356/2365] Built Hoffman.ExclusionVolume
✔ [2357/2365] Built Hoffman.PeriodicCores
✔ [2358/2365] Built Hoffman.TorusRandom
✔ [2359/2365] Built Hoffman.TorusNet
✔ [2360/2365] Built Hoffman.FiniteUpperBound
✔ [2361/2365] Built Hoffman.AsymptoticEstimate
✔ [2362/2365] Built Hoffman.Main
✔ [2363/2365] Built Hoffman.Chromatic
✔ [2364/2365] Built Hoffman
Build completed successfully.
