✔ [2343/2366] Built Hoffman.MomentPolynomial
✔ [2344/2366] Built Hoffman.CoveringEstimate
✔ [2345/2366] Built Hoffman.PoissonSeries
✔ [2346/2366] Built Hoffman.Geometry
✔ [2347/2366] Built Hoffman.ProbabilityCover
✔ [2348/2366] Built Hoffman.Net
✔ [2349/2366] Built Hoffman.Planar
✔ [2350/2366] Built Hoffman.Targets
✔ [2351/2366] Built Hoffman.PeriodicCover
✔ [2352/2366] Built Hoffman.RandomSurvival
✔ [2353/2366] Built Hoffman.RandomCover
✔ [2354/2366] Built Hoffman.ExclusionBall
✔ [2355/2366] Built Hoffman.Torus
✔ [2356/2366] Built Hoffman.ExclusionVolume
✔ [2357/2366] Built Hoffman.PeriodicCores
✔ [2358/2366] Built Hoffman.TorusNet
✔ [2359/2366] Built Hoffman.TorusRandom
✔ [2360/2366] Built Hoffman.FiniteUpperBound
✔ [2361/2366] Built Hoffman.AsymptoticEstimate
✔ [2362/2366] Built Hoffman.Main
✔ [2363/2366] Built Hoffman.Chromatic
✔ [2364/2366] Built Hoffman.Semantics
✔ [2365/2366] Built Hoffman
Build completed successfully.
