AUDIT theorem Hoffman.periodic_borel_coloring_of_robust_cover._proof_1: [propext]
AUDIT theorem Hoffman.offset_gapParameter_le: [propext, Quot.sound, Classical.choice]
AUDIT theorem Hoffman.torusRepresentative_measurable: [propext, Quot.sound, Classical.choice]
AUDIT theorem Hoffman.firstColor_lt: [Classical.choice, propext, Quot.sound]
AUDIT theorem Hoffman.torusProbability_isProbability: [propext, Quot.sound, Classical.choice]
AUDIT theorem Hoffman.torusVolume_leftInvariant: [propext, Quot.sound, Classical.choice]
AUDIT theorem Hoffman.exclusionRegion_subset_ball: [propext, Quot.sound, Classical.choice]
AUDIT declaration Hoffman.halfspace: [propext, Quot.sound, Classical.choice]
AUDIT theorem Hoffman.isClosed_core: [propext, Quot.sound, Classical.choice]
AUDIT theorem Hoffman.finite_upper_bound._proof_1: [propext]
AUDIT theorem Hoffman.measurable_firstColor: [Quot.sound, propext, Classical.choice]
AUDIT theorem Hoffman.coverageProbability_pos: [propext, Quot.sound, Classical.choice]
AUDIT declaration Hoffman.base: [propext, Quot.sound, Classical.choice]
AUDIT theorem Hoffman.torus_near_measurable: [propext, Quot.sound, Classical.choice]
AUDIT theorem Hoffman.unitDistanceGraph_adj_iff_coordinates: [propext, Quot.sound, Classical.choice]
AUDIT theorem Hoffman.circleProbability_isProbability: [propext, Quot.sound, Classical.choice]
AUDIT theorem Hoffman.coreUnion_translate_iff: [propext, Quot.sound, Classical.choice]
AUDIT theorem Hoffman.coverageProbability_inv_le: [propext, Quot.sound, Classical.choice]
AUDIT theorem Hoffman.torusBall_measurable: [propext, Quot.sound, Classical.choice]
AUDIT theorem Hoffman.normalized_halfspace_iff: [propext, Quot.sound, Classical.choice]
RUNTIME auxiliary (excluded from logical inventory): QuotientAddGroup.leftRel._at.Hoffman.torusProjection._spec_1
AUDIT theorem Hoffman.rootEnvelope.eq_1: [propext, Quot.sound, Classical.choice]
AUDIT theorem Hoffman.ofReal_ballMass: [propext, Quot.sound, Classical.choice]
AUDIT theorem Hoffman.triangleArea.eq_1: [propext, Quot.sound, Classical.choice]
AUDIT theorem Hoffman.exists_samples_hitting_sets: [propext, Quot.sound, Classical.choice]
AUDIT theorem Hoffman.ordinary_chromatic_value_exact: [Classical.choice, propext, Quot.sound]
AUDIT theorem Hoffman.measurableSet_coreUnion: [propext, Quot.sound, Classical.choice]
AUDIT theorem Hoffman.momentPolynomial_mono: [propext, Quot.sound, Classical.choice]
AUDIT theorem Hoffman.ballMass_le_one: [propext, Quot.sound, Classical.choice]
AUDIT theorem Hoffman.torusRepresentative._proof_4: []
AUDIT theorem Hoffman.chromatic_root_le_envelope: [propext, Quot.sound, Classical.choice]
AUDIT theorem Hoffman.openNeighborhood_periodic._proof_1: [propext]
AUDIT theorem Hoffman.openNeighborhood.eq_1: [propext, Quot.sound, Classical.choice]
RUNTIME auxiliary (excluded from logical inventory): AddSubgroup.op._at.Hoffman.torusProjection._spec_2._closed_2._cstage2
AUDIT declaration Hoffman.euclideanChromaticNumber: [Classical.choice, propext, Quot.sound]
AUDIT theorem Hoffman.torusBall_volume: [propext, Quot.sound, Classical.choice]
AUDIT theorem Hoffman.isOpen_openNeighborhood: [propext, Quot.sound, Classical.choice]
AUDIT theorem Hoffman.momentPolynomial_pos: [propext, Quot.sound, Classical.choice]
AUDIT theorem Hoffman.representative_mem_cube: [propext, Quot.sound, Classical.choice]
AUDIT theorem Hoffman.configurationCenters_periodic: [propext, Quot.sound, Classical.choice]
AUDIT theorem Hoffman.survivalEvent_measure: [Quot.sound, propext, Classical.choice]
AUDIT theorem Hoffman.projection_mem_torusBall: [propext, Quot.sound, Classical.choice]
AUDIT theorem Hoffman.neighborhood_unit_distance_free: [propext, Quot.sound, Classical.choice]
AUDIT theorem Hoffman.torusProjection_surjective: [propext, Quot.sound, Classical.choice]
AUDIT theorem Hoffman.core_translate_iff: [propext, Quot.sound, Classical.choice]
AUDIT theorem Hoffman.measurableSet_core: [propext, Quot.sound, Classical.choice]
AUDIT theorem Hoffman.torusVolume_univ: [propext, Quot.sound, Classical.choice]
AUDIT theorem Hoffman.forbiddenCenter.eq_1: [propext, Quot.sound, Classical.choice]
AUDIT theorem Hoffman.coverageProbability_inv_eq: [propext, Quot.sound, Classical.choice]
RUNTIME auxiliary (excluded from logical inventory): Hoffman.gridResolution._cstage1
AUDIT theorem Hoffman.torusProjection_measurePreserving: [propext, Quot.sound, Classical.choice]
/tmp/hoffman-audit-controls-fz20fyhc/canary/ControlAudit.lean:11:0: error: Unexpected axiom control_axiom_outside_namespace in control_lemma_outside_namespace
