SOURCE RECHECK PASS: Hoffman.Geometry
SOURCE RECHECK PASS: Hoffman.Planar
SOURCE RECHECK PASS: Hoffman.Net
SOURCE RECHECK PASS: Hoffman.PoissonSeries
SOURCE RECHECK PASS: Hoffman.MomentPolynomial
SOURCE RECHECK PASS: Hoffman.Targets
SOURCE RECHECK PASS: Hoffman.CoveringEstimate
SOURCE RECHECK PASS: Hoffman.ExclusionBall
SOURCE RECHECK PASS: Hoffman.ExclusionVolume
SOURCE RECHECK PASS: Hoffman.ProbabilityCover
SOURCE RECHECK PASS: Hoffman.PeriodicCover
SOURCE RECHECK PASS: Hoffman.RandomSurvival
SOURCE RECHECK PASS: Hoffman.Torus
SOURCE RECHECK PASS: Hoffman.RandomCover
SOURCE RECHECK PASS: Hoffman.PeriodicCores
SOURCE RECHECK PASS: Hoffman.TorusRandom
SOURCE RECHECK PASS: Hoffman.TorusNet
SOURCE RECHECK PASS: Hoffman.FiniteUpperBound
SOURCE RECHECK PASS: Hoffman.AsymptoticEstimate
SOURCE RECHECK PASS: Hoffman.Main
SOURCE RECHECK PASS: Hoffman.Chromatic
SOURCE RECHECK PASS: Hoffman.Semantics
SOURCE RECHECK PASS: Hoffman
ALL SOURCE RECHECKS PASSED: 23 modules, including the root import.
