info: mathlib: cloning https://github.com/leanprover-community/mathlib4.git
info: mathlib: checking out revision 'c44e0c8ee63ca166450922a373c7409c5d26b00b'
info: plausible: cloning https://github.com/leanprover-community/plausible
info: plausible: checking out revision '77e08eddc486491d7b9e470926b3dbe50319451a'
info: LeanSearchClient: cloning https://github.com/leanprover-community/LeanSearchClient
info: LeanSearchClient: checking out revision '25078369972d295301f5a1e53c3e5850cf6d9d4c'
info: importGraph: cloning https://github.com/leanprover-community/import-graph
info: importGraph: checking out revision 'e6a9f0f5ee3ccf7443a0070f92b62f8db12ae82b'
info: proofwidgets: cloning https://github.com/leanprover-community/ProofWidgets4
info: proofwidgets: checking out revision 'c4919189477c3221e6a204008998b0d724f49904'
info: aesop: cloning https://github.com/leanprover-community/aesop
info: aesop: checking out revision '5d50b08dedd7d69b3d9b3176e0d58a23af228884'
info: Qq: cloning https://github.com/leanprover-community/quote4
info: Qq: checking out revision 'fa4f7f15d97591a9cf3aa7724ba371c7fc6dda02'
info: batteries: cloning https://github.com/leanprover-community/batteries
info: batteries: checking out revision 'f5d04a9c4973d401c8c92500711518f7c656f034'
info: Cli: cloning https://github.com/leanprover/lean4-cli
info: Cli: checking out revision '02dbd02bc00ec4916e99b04b2245b30200e200d0'
✔ [2/12] Built Cache.Lean
✔ [3/12] Built Cache.Lean:c.o
✔ [4/12] Built Cache.IO
✔ [5/12] Built Cache.Hashing
✔ [6/12] Built Cache.Requests
✔ [7/12] Built Cache.Hashing:c.o
✔ [8/12] Built Cache.IO:c.o
✔ [9/12] Built Cache.Main
✔ [10/12] Built Cache.Requests:c.o
✔ [11/12] Built Cache.Main:c.o
✔ [12/12] Built cache
Attempting to download 1 file(s)

Downloaded: 0 file(s) [attempted 1/1 = 100%]
Downloaded: 0 file(s) [attempted 1/1 = 100%] (0% success)
Warning: some files were not found in the cache.
This usually means that your local checkout of mathlib4 has diverged from upstream.
If you push your commits to a branch of the mathlib4 repository, CI will build the oleans and they will be available later.
Alternatively, if you already have pushed your commits to a branch, this may mean the CI build has failed part-way through building.
No cache files to decompress
